// Jest Snapshot v1, https://goo.gl/fbAQLP

exports[`renders correctly 1`] = `
<div
  className="PageNotFound"
>
  <img
    alt="not_found"
    src={Object {}}
  />
</div>
`;
